{
  "letsencrypt": {
    "Account": {
      "Email": "foo@bar.gov",
      "Registration": {
        "body": {
          "status": "valid",
          "contact": [
            "mailto:foo@bar.gov"
          ]
        },
        "uri": "https://acme-v02.api.letsencrypt.org/acme/acct/123456789"
      },
      "PrivateKey": "VGhpcyBpcyBhIGtleSwgeW91IGRpZCBldmVyeXRoaW5nIGNvcnJlY3Qu",
      "KeyType": "4096"
    },
    "Certificates": [
      {
        "domain": {
          "main": "baz.foo.bar"
        },
        "certificate": "LS0tLS1CRUdJTiBDRVJUSUZJQ0FURS0tLS0tCk1JSUZFVENDQXZrQ0ZDQUVHQWswblBYZjNCL1dweTRxdnk0T0VjTHZNQTBHQ1NxR1NJYjNEUUVCQ3dVQU1FVXgKQ3pBSkJnTlZCQVlUQWtGVk1STXdFUVlEVlFRSURBcFRiMjFsTFZOMFlYUmxNU0V3SHdZRFZRUUtEQmhKYm5SbApjbTVsZENCWGFXUm5hWFJ6SUZCMGVTQk1kR1F3SGhjTk1Ua3hNREl3TVRJME5UQXpXaGNOTWpBeE1ERTVNVEkwCk5UQXpXakJGTVFzd0NRWURWUVFHRXdKQlZURVRNQkVHQTFVRUNBd0tVMjl0WlMxVGRHRjBaVEVoTUI4R0ExVUUKQ2d3WVNXNTBaWEp1WlhRZ1YybGtaMmwwY3lCUWRIa2dUSFJrTUlJQ0lqQU5CZ2txaGtpRzl3MEJBUUVGQUFPQwpBZzhBTUlJQ0NnS0NBZ0VBcktzQll0U2pjZmdNZHB3bW1WM0tTS3ltbGRWam1PYTRVZk5TUmt6c3J5eWgxc2RrCmtNZ2REMkwwak5MQk11L0U0STdJVjNwUHVHbDQxQ2hUcGk0UTlwUkhjL0toeFpCWHhuUDlYWjZFU3d2MVJ4TS8KK3BqenNkdDROK2VHaVBNenUyb05WempZcFZvcGVsTXNmSHBpM2NGMlV1MG9BMlovNkpaWkJ6S0pHNkNsMlpncApGcUdNWmhYYi9oWHRBT3RyV2tmL0MwcHMrOGRxNnp4K3QwWTZWMEkyZlkxdGFJendORWhHSWVHVkVwbUF5YzRxCmdPWE9MSXp4aWc2bG1ObmNHaHJEUkxGUWxnRURQMlMwMDZJV3NCZGcwQUpPNElSUExZc2NmRWd0clIvYkozdGkKUkplTFNjeVplZjlRblVHR3NFQlpYdkgzREVFUVBKNFVQYks5U3o2U1N4d0FGL0NHL1ZXK1Jhai9DWHRkbG1qYgpacGRJRHNxaE5XNmFRTng2aFBKb1RkdE5YUW5SSVJReXZvUkZ3QnhsUDVkNW0xeForMHhnMEp0RVVoUVZ5bFVGCjN5V2ZFRUpmZ3BqY2ZSVUZ0ZUx1ZzkvQUliWFArNTNKbmgrNXpKWTdKeDZuMkZxcFpSRjVvVEpPditKQmtTbmYKc2krUXRRRm1ZV1lreE81Q3VxdEJMOXVDVkwxZG41ak5QSmtUYUl3aU1BSCtJYTlUVnQ3YzB5TDZUR0RKVWdnSAp1cUZHT1JGa1JPWHVxREZQRWFDOUI4ekVmSHQ5aEhDNXcrSTlqWVVpQUx6TWdrdkdoME1ESzFpcGNENk9PVlRiClBrdk1rYVpzbEFFT3FXTU1leVJtMFhEOHIzUWRiRzVRbDdnQ0RRbU9VZmNxOEN1dkhJMVhpNUhIdDVVQ0F3RUEKQVRBTkJna3Foa2lHOXcwQkFRc0ZBQU9DQWdFQWYvVER2VGhFd2R0SGt2ODEwYXp5cnZ1dmlYNlkyZGM1aFlsKwpucWlUaDFoemgyRmpmTk1YNzNyMTZNSk9sZGZHOW5jQzFjdDhNd082SVRmelNXUjYyN3lPQjdLOHR4M1BlSDUzClU0d1FNM3JkTGhwbGJoanByS2ppN1dNWFM1dVg2UDY2SnIvQzgvMVBycmRCRWZRQk5hZW5YLzFnMGhHVmxiQ0UKTll0Ui9DUzJ0Qy83U0xMQy9rdEoxY3cwUmd4dCtvK3NIekU5dk0yMzdVL1J4RE9TdGNKVWdHby9GeXdBS0VSQgpOdk5QdmZ1bWpDR1FHNHB1cm9JSHZrVnpxV2NYNkk5bDMwaitCZFQwd2JGalVyelk1cmFGZFRuekI2a3plVDl3CnlwNGU0NU8vSFRrTXRUUnllMnl5SjR1MWsrTmVpek9jUzZML2x2MzRzdDZjR01TLzRESno1L0ZDRTVxRWhUYWYKbnhhZTF4ZWNtR21Yb0g5bzY5UXpWK0VLSkVYRmhxcnkwVkhRSC9KM2EwZU5CV2ZyZmdMb2FTaEdoaGJwbnVIWgphNXMwcmkxb0lsa0dUVFlraG1TVUdUR29zWks3eGFUMWkrWlp5a2c2WHk4VDk3TVNsTUJ3SUVvMS8ycDJmNkpnCk1Gang0SDF0UzhBQlp0S2k2YktQaGJwZUVTVXJPQlN4VnlLRlE2QUtjWTJoNDdyS2JWQVU0eWJGSnphYTkvSEkKN05RcWZoVHU4WlRHT01uRDZURzFLaGN4VnpFTldkLzkxaGt5V1YxZ2xlTENyZzNlWGNPKzBlVVhQYXg2U0hvTwpCczFyU0V5SUR0UHBmSktzMUJoeEVjU25CRGJWOEVtVFFqR3JCdnR2alAybkw3ZVZYaG5HNFVvcXBwZGx6eXZuClg5NDBINjQ9Ci0tLS0tRU5EIENFUlRJRklDQVRFLS0tLS0=",
        "key": "LS0tLS1CRUdJTiBSU0EgUFJJVkFURSBLRVktLS0tLQpNSUlKSndJQkFBS0NBZ0VBcktzQll0U2pjZmdNZHB3bW1WM0tTS3ltbGRWam1PYTRVZk5TUmt6c3J5eWgxc2RrCmtNZ2REMkwwak5MQk11L0U0STdJVjNwUHVHbDQxQ2hUcGk0UTlwUkhjL0toeFpCWHhuUDlYWjZFU3d2MVJ4TS8KK3BqenNkdDROK2VHaVBNenUyb05WempZcFZvcGVsTXNmSHBpM2NGMlV1MG9BMlovNkpaWkJ6S0pHNkNsMlpncApGcUdNWmhYYi9oWHRBT3RyV2tmL0MwcHMrOGRxNnp4K3QwWTZWMEkyZlkxdGFJendORWhHSWVHVkVwbUF5YzRxCmdPWE9MSXp4aWc2bG1ObmNHaHJEUkxGUWxnRURQMlMwMDZJV3NCZGcwQUpPNElSUExZc2NmRWd0clIvYkozdGkKUkplTFNjeVplZjlRblVHR3NFQlpYdkgzREVFUVBKNFVQYks5U3o2U1N4d0FGL0NHL1ZXK1Jhai9DWHRkbG1qYgpacGRJRHNxaE5XNmFRTng2aFBKb1RkdE5YUW5SSVJReXZvUkZ3QnhsUDVkNW0xeForMHhnMEp0RVVoUVZ5bFVGCjN5V2ZFRUpmZ3BqY2ZSVUZ0ZUx1ZzkvQUliWFArNTNKbmgrNXpKWTdKeDZuMkZxcFpSRjVvVEpPditKQmtTbmYKc2krUXRRRm1ZV1lreE81Q3VxdEJMOXVDVkwxZG41ak5QSmtUYUl3aU1BSCtJYTlUVnQ3YzB5TDZUR0RKVWdnSAp1cUZHT1JGa1JPWHVxREZQRWFDOUI4ekVmSHQ5aEhDNXcrSTlqWVVpQUx6TWdrdkdoME1ESzFpcGNENk9PVlRiClBrdk1rYVpzbEFFT3FXTU1leVJtMFhEOHIzUWRiRzVRbDdnQ0RRbU9VZmNxOEN1dkhJMVhpNUhIdDVVQ0F3RUEKQVFLQ0FnQmduNms4NXdVM3g3a2h2cXdTOHRzNTQvT3NzU2IwNzFlQjlJbTc4VndaZ3Y1bHRGcmdjanRnMnQxQwoyTVZvZmFoTWlWb3ZLYkRtMzQ3UUdta0UrNDVlamdlV0tOYkNPYzRFcmUvQXJlNFdHUEQrL3hTMFpWY3Axa2psCjc5Zm5WMEZCeFUwRjNEZlFBQzVwMTVWemF3RmNXdUNkOHp5SytwYmxUdzB1NitheDRTb3VJK29LVWdqQkw4WlYKMzJzck1wSjJpUWQrQi80SXYwVmpzZ3l1L3N1eS9NaUZaZGt0d29EQW9Sa3Q2SkNGUWdWQjZPNzhCcDFqYk5QVgpqL0MzSW1MNjhMTUpBN2kyMklZNnVWNC9kOXIrVzNhL3NDcjNsTkxDQjdDL0U1MEwzbUhETEZhSFQ4NlFVOEFtCjl1cmp0VUZyNi9hWEhReEVmVHhhejVOQUczKzFhZFZlanRHdlRHUUswT0xRUWZCVFVySW14SlhMc21XalVzZzcKL0o2cU94UjdLUENhMGN1cDZ2L0tMSCtFWDJObWc0MVcrbStnMG9zRndKSGszQ3g5ZWxFSnJmeC92aE1nbk53WQpEM2lTYXNIclZnbUlCL1A4T3BZRWZCL3dkY1hIeGFteWQrUVBDSjYvVTh5RnJCa0RxSU8wY1l1V1BKKzVEQ0xRCkdBRldrWFIvdi9ZL1FUSldiK0lxYk9DY3RlamM3QnBQV29MYkY1S0tEL0hYM2tsUHVsa3Fsc2I3cWVVZlJLRkYKc29wMHZiOWNpMCtEY1BoUHp4bW5qRHN6bFNGS0tTeDJHU2lnY3lraXpnRG91ME1oOHB4UlRoaGd6YXZIZjhFawpZamxrWG5saTdmb0ErdUx2dmVydTY3SjhHWm54WE1qVkF2L3gwOFg3STh4REsxamhnUUtDQVFFQTRHL2RDVmt5CkNENGJSNEJxWEUwVmJlRCtRZUlFajdud0kwSU94akltUFBmVktHY0xiellrbHQvZk9JZ2NLNGtUR3hISklwSEoKZzRwbWVncVNySUtBenlXakRSM0lVeFJ2TUhhMFZOQWlVTGZBc3BFMTBVL3BuWUtXQ0w1OUNNL0RrcjZGeHNTZAoxSnExOVpGTmtobFhncFdrMnFBanFmQmdTWmI0VUI3aWFkOCttL3gwUTVlY3V5clJNbG15YlRvQXA1NEdLZ2JKCjhJSU1qbklMNVNIL0hQeHNFWGFSTHlBemgvNDJrY3hpendQeU5obUxRY3R5ZVRJTHd1RlBCMUVHSENZUy9HODIKamVQRHp4NkNrYVV4VVhGbi9iVC9VWnBLSFNVRXo3TG55TmphZGt4djYvS0kxbTNIWVVjNzFNbzQvTlpwQ0l1TgowV2M1SHNjdnV2amdzUUtDQVFFQXhQTmRnQUZyVzhtUXo1MnBkRUdQU2thZ0htWDBWbnIrem1HaGM1TURnWFkzCnpMY0lCVzdwR3RuOWhJb0FhSkg0WXhoSGJKU2xiQnpoWmxNRlhPS0FrZW9pNTJ3RllaN0JnOXBWKzNLTWVOdVgKQW1ZNXRJQ2l4QWh2elBDU1Y0WDNrUUw1ZXlLVGt6em9vMGx4Smc5MnZpS1ZaUU5VeDBqUURKRkU2R09TY2pmVgpxRGs0ZG8yazl1Wmg1emdLbnhJeFYwUUxpdmg5aFR0TUt1UVpiWnhYQXdzeThaSnhkcmpocjk3MzgySlhwTERGCkEvRTNHU2JhYUJaS1B3RlNOMHY0WU1WUnFHcWhscVVPaWtaQklZTUFkNW92eSs4ZlVGU3J1UGNkc2hDa2pQOFYKVEtudkFiSlZMdkdvNHNEWkJKeXo0UHBMalgyRis1SmdpVnZqRzhLZUpRS0NBUUJvcUtGNWQ0ZVdRbWYwS3RUdQpYOS9MVW0wZWllZzRvYXR5dFo0d0hEaXFtNk5oNk5Oek05dFNJK2x5OGoyNHEzNG1WRi9uNS9ZQmlpdUpZNTdNCkpUc3QzYzR3RXFCVTVhV0lBd0xLdmhnU2JlM0ZGMlB5VElLVE9jNy9HdDB4bTdrR21DUEg4ZTNyczQyQWl4YVMKTjVFUVN2b0tIVDBrUlB5UnRIM3Mxc29jTnNkNmMvby9mdGJPalFQcXA5dEZoaFBDRmpXbnFXekg0ODA1SzhPUwpRUTAzRmhySzlmQnorbDh0WG9WUjdlNXh2TlJaR0FaUlV5NzVoelhtMWF4RnJDbmVQSDhFQ2xSMVRDNEdTcUwyCmlnTDZpSmpHdlgyR0x4MjZnNFcvMlJ5dkV6aWtpN1p4WDdNaDB5Vnpub1V2RUhJTXJXdGpXYmh6V3VCUEV2R1cKRGZLeEFvSUJBQ1lETnJPakVuNkh1OXhtZUxOSWlBaDA4eWlLMHdyeCtFWUxEK2RIbzdDVUNaY0lhSkxyNGkvZApqUkhNdE9GNTh1L2xXcnU1UU9oSjlyTVNLUUhSY2JFMytINmtHYkhLdTF6Z2dpSGk3UHZTbmlYSFp6SFFkaG5SCjZ3b3FFSVMyQlo5R2JMSjRiUFZKRnptVXpqTGpYeTY1YkE0d0EyZm5STWg0TFUyUkVrM2JPdkNhQXF6WEQ5VGIKaUYvaE1DT2Rsa3BhaHNQT3pDTXYyN2FYaWRUZkRPZzRmQitsL1NKRjhzRklEcUU2Qk9KemY4TVFCbXRqVlZvcgpteTduNlY5azJVNk1Kd09UZVJhalN0Z2pVU1RQclFKb2p2c1VidjNKS2Mrc1dsM28ybW1nUGhNcTVVZDFqUDFmCmhSSW0ySHdNWnFkd2g2NktZSmE2bk1sR0krSlN3TVVDZ2dFQWZIeGZ0LzJqMWZVaHpXaU9UeGY3Q2NwYStwWGIKZW5zRVVoclJuUUh4MGFYQlJEZ1lsOFhNRnp5Zm5NV2xEWTZpc3ppbklTdkY4ajhNT05uV3dlUlF6aTlTN3p2ZApQTDlZZVAxSkhFakZiUzVsOEl1a0owVDB2d2dhcUlIUzA0bWc3RjZnOWRGdUdTc04ySnplK2RFa1diYjRTS2hpCnd2NWg4TWovTXJLcm9xRFRzbTZaSjdDK2hhLzV3QWRuWC9yT0hrTXVDdWgzRnI1QnAvL3dCTzJ5V2ZPYVJ5TVEKbXpwVTdlRFkxWDdWSnRKZ1VzUGJrV3dOR3prZGNJMEw3MHFMajQ1MUxrdkgwdjZZeTdRcVJvU0l6ZDdxK0hwQgpxdkZJbzdSa1AyaUNacG5Fc1hyQWo3SGJvRTV0RWx1QTZCT29LTnZlb0N2SElUOHF4RFpwWElnNHN3PT0KLS0tLS1FTkQgUlNBIFBSSVZBVEUgS0VZLS0tLS0=",
        "Store": "default"
      },
      {
        "domain": {
          "main": "foo.bar"
        },
        "certificate": "LS0tLS1CRUdJTiBDRVJUSUZJQ0FURS0tLS0tCk1JSUZFVENDQXZrQ0ZDQUVHQWswblBYZjNCL1dweTRxdnk0T0VjTHZNQTBHQ1NxR1NJYjNEUUVCQ3dVQU1FVXgKQ3pBSkJnTlZCQVlUQWtGVk1STXdFUVlEVlFRSURBcFRiMjFsTFZOMFlYUmxNU0V3SHdZRFZRUUtEQmhKYm5SbApjbTVsZENCWGFXUm5hWFJ6SUZCMGVTQk1kR1F3SGhjTk1Ua3hNREl3TVRJME5UQXpXaGNOTWpBeE1ERTVNVEkwCk5UQXpXakJGTVFzd0NRWURWUVFHRXdKQlZURVRNQkVHQTFVRUNBd0tVMjl0WlMxVGRHRjBaVEVoTUI4R0ExVUUKQ2d3WVNXNTBaWEp1WlhRZ1YybGtaMmwwY3lCUWRIa2dUSFJrTUlJQ0lqQU5CZ2txaGtpRzl3MEJBUUVGQUFPQwpBZzhBTUlJQ0NnS0NBZ0VBcktzQll0U2pjZmdNZHB3bW1WM0tTS3ltbGRWam1PYTRVZk5TUmt6c3J5eWgxc2RrCmtNZ2REMkwwak5MQk11L0U0STdJVjNwUHVHbDQxQ2hUcGk0UTlwUkhjL0toeFpCWHhuUDlYWjZFU3d2MVJ4TS8KK3BqenNkdDROK2VHaVBNenUyb05WempZcFZvcGVsTXNmSHBpM2NGMlV1MG9BMlovNkpaWkJ6S0pHNkNsMlpncApGcUdNWmhYYi9oWHRBT3RyV2tmL0MwcHMrOGRxNnp4K3QwWTZWMEkyZlkxdGFJendORWhHSWVHVkVwbUF5YzRxCmdPWE9MSXp4aWc2bG1ObmNHaHJEUkxGUWxnRURQMlMwMDZJV3NCZGcwQUpPNElSUExZc2NmRWd0clIvYkozdGkKUkplTFNjeVplZjlRblVHR3NFQlpYdkgzREVFUVBKNFVQYks5U3o2U1N4d0FGL0NHL1ZXK1Jhai9DWHRkbG1qYgpacGRJRHNxaE5XNmFRTng2aFBKb1RkdE5YUW5SSVJReXZvUkZ3QnhsUDVkNW0xeForMHhnMEp0RVVoUVZ5bFVGCjN5V2ZFRUpmZ3BqY2ZSVUZ0ZUx1ZzkvQUliWFArNTNKbmgrNXpKWTdKeDZuMkZxcFpSRjVvVEpPditKQmtTbmYKc2krUXRRRm1ZV1lreE81Q3VxdEJMOXVDVkwxZG41ak5QSmtUYUl3aU1BSCtJYTlUVnQ3YzB5TDZUR0RKVWdnSAp1cUZHT1JGa1JPWHVxREZQRWFDOUI4ekVmSHQ5aEhDNXcrSTlqWVVpQUx6TWdrdkdoME1ESzFpcGNENk9PVlRiClBrdk1rYVpzbEFFT3FXTU1leVJtMFhEOHIzUWRiRzVRbDdnQ0RRbU9VZmNxOEN1dkhJMVhpNUhIdDVVQ0F3RUEKQVRBTkJna3Foa2lHOXcwQkFRc0ZBQU9DQWdFQWYvVER2VGhFd2R0SGt2ODEwYXp5cnZ1dmlYNlkyZGM1aFlsKwpucWlUaDFoemgyRmpmTk1YNzNyMTZNSk9sZGZHOW5jQzFjdDhNd082SVRmelNXUjYyN3lPQjdLOHR4M1BlSDUzClU0d1FNM3JkTGhwbGJoanByS2ppN1dNWFM1dVg2UDY2SnIvQzgvMVBycmRCRWZRQk5hZW5YLzFnMGhHVmxiQ0UKTll0Ui9DUzJ0Qy83U0xMQy9rdEoxY3cwUmd4dCtvK3NIekU5dk0yMzdVL1J4RE9TdGNKVWdHby9GeXdBS0VSQgpOdk5QdmZ1bWpDR1FHNHB1cm9JSHZrVnpxV2NYNkk5bDMwaitCZFQwd2JGalVyelk1cmFGZFRuekI2a3plVDl3CnlwNGU0NU8vSFRrTXRUUnllMnl5SjR1MWsrTmVpek9jUzZML2x2MzRzdDZjR01TLzRESno1L0ZDRTVxRWhUYWYKbnhhZTF4ZWNtR21Yb0g5bzY5UXpWK0VLSkVYRmhxcnkwVkhRSC9KM2EwZU5CV2ZyZmdMb2FTaEdoaGJwbnVIWgphNXMwcmkxb0lsa0dUVFlraG1TVUdUR29zWks3eGFUMWkrWlp5a2c2WHk4VDk3TVNsTUJ3SUVvMS8ycDJmNkpnCk1Gang0SDF0UzhBQlp0S2k2YktQaGJwZUVTVXJPQlN4VnlLRlE2QUtjWTJoNDdyS2JWQVU0eWJGSnphYTkvSEkKN05RcWZoVHU4WlRHT01uRDZURzFLaGN4VnpFTldkLzkxaGt5V1YxZ2xlTENyZzNlWGNPKzBlVVhQYXg2U0hvTwpCczFyU0V5SUR0UHBmSktzMUJoeEVjU25CRGJWOEVtVFFqR3JCdnR2alAybkw3ZVZYaG5HNFVvcXBwZGx6eXZuClg5NDBINjQ9Ci0tLS0tRU5EIENFUlRJRklDQVRFLS0tLS0=",
        "key": "LS0tLS1CRUdJTiBSU0EgUFJJVkFURSBLRVktLS0tLQpNSUlKSndJQkFBS0NBZ0VBcktzQll0U2pjZmdNZHB3bW1WM0tTS3ltbGRWam1PYTRVZk5TUmt6c3J5eWgxc2RrCmtNZ2REMkwwak5MQk11L0U0STdJVjNwUHVHbDQxQ2hUcGk0UTlwUkhjL0toeFpCWHhuUDlYWjZFU3d2MVJ4TS8KK3BqenNkdDROK2VHaVBNenUyb05WempZcFZvcGVsTXNmSHBpM2NGMlV1MG9BMlovNkpaWkJ6S0pHNkNsMlpncApGcUdNWmhYYi9oWHRBT3RyV2tmL0MwcHMrOGRxNnp4K3QwWTZWMEkyZlkxdGFJendORWhHSWVHVkVwbUF5YzRxCmdPWE9MSXp4aWc2bG1ObmNHaHJEUkxGUWxnRURQMlMwMDZJV3NCZGcwQUpPNElSUExZc2NmRWd0clIvYkozdGkKUkplTFNjeVplZjlRblVHR3NFQlpYdkgzREVFUVBKNFVQYks5U3o2U1N4d0FGL0NHL1ZXK1Jhai9DWHRkbG1qYgpacGRJRHNxaE5XNmFRTng2aFBKb1RkdE5YUW5SSVJReXZvUkZ3QnhsUDVkNW0xeForMHhnMEp0RVVoUVZ5bFVGCjN5V2ZFRUpmZ3BqY2ZSVUZ0ZUx1ZzkvQUliWFArNTNKbmgrNXpKWTdKeDZuMkZxcFpSRjVvVEpPditKQmtTbmYKc2krUXRRRm1ZV1lreE81Q3VxdEJMOXVDVkwxZG41ak5QSmtUYUl3aU1BSCtJYTlUVnQ3YzB5TDZUR0RKVWdnSAp1cUZHT1JGa1JPWHVxREZQRWFDOUI4ekVmSHQ5aEhDNXcrSTlqWVVpQUx6TWdrdkdoME1ESzFpcGNENk9PVlRiClBrdk1rYVpzbEFFT3FXTU1leVJtMFhEOHIzUWRiRzVRbDdnQ0RRbU9VZmNxOEN1dkhJMVhpNUhIdDVVQ0F3RUEKQVFLQ0FnQmduNms4NXdVM3g3a2h2cXdTOHRzNTQvT3NzU2IwNzFlQjlJbTc4VndaZ3Y1bHRGcmdjanRnMnQxQwoyTVZvZmFoTWlWb3ZLYkRtMzQ3UUdta0UrNDVlamdlV0tOYkNPYzRFcmUvQXJlNFdHUEQrL3hTMFpWY3Axa2psCjc5Zm5WMEZCeFUwRjNEZlFBQzVwMTVWemF3RmNXdUNkOHp5SytwYmxUdzB1NitheDRTb3VJK29LVWdqQkw4WlYKMzJzck1wSjJpUWQrQi80SXYwVmpzZ3l1L3N1eS9NaUZaZGt0d29EQW9Sa3Q2SkNGUWdWQjZPNzhCcDFqYk5QVgpqL0MzSW1MNjhMTUpBN2kyMklZNnVWNC9kOXIrVzNhL3NDcjNsTkxDQjdDL0U1MEwzbUhETEZhSFQ4NlFVOEFtCjl1cmp0VUZyNi9hWEhReEVmVHhhejVOQUczKzFhZFZlanRHdlRHUUswT0xRUWZCVFVySW14SlhMc21XalVzZzcKL0o2cU94UjdLUENhMGN1cDZ2L0tMSCtFWDJObWc0MVcrbStnMG9zRndKSGszQ3g5ZWxFSnJmeC92aE1nbk53WQpEM2lTYXNIclZnbUlCL1A4T3BZRWZCL3dkY1hIeGFteWQrUVBDSjYvVTh5RnJCa0RxSU8wY1l1V1BKKzVEQ0xRCkdBRldrWFIvdi9ZL1FUSldiK0lxYk9DY3RlamM3QnBQV29MYkY1S0tEL0hYM2tsUHVsa3Fsc2I3cWVVZlJLRkYKc29wMHZiOWNpMCtEY1BoUHp4bW5qRHN6bFNGS0tTeDJHU2lnY3lraXpnRG91ME1oOHB4UlRoaGd6YXZIZjhFawpZamxrWG5saTdmb0ErdUx2dmVydTY3SjhHWm54WE1qVkF2L3gwOFg3STh4REsxamhnUUtDQVFFQTRHL2RDVmt5CkNENGJSNEJxWEUwVmJlRCtRZUlFajdud0kwSU94akltUFBmVktHY0xiellrbHQvZk9JZ2NLNGtUR3hISklwSEoKZzRwbWVncVNySUtBenlXakRSM0lVeFJ2TUhhMFZOQWlVTGZBc3BFMTBVL3BuWUtXQ0w1OUNNL0RrcjZGeHNTZAoxSnExOVpGTmtobFhncFdrMnFBanFmQmdTWmI0VUI3aWFkOCttL3gwUTVlY3V5clJNbG15YlRvQXA1NEdLZ2JKCjhJSU1qbklMNVNIL0hQeHNFWGFSTHlBemgvNDJrY3hpendQeU5obUxRY3R5ZVRJTHd1RlBCMUVHSENZUy9HODIKamVQRHp4NkNrYVV4VVhGbi9iVC9VWnBLSFNVRXo3TG55TmphZGt4djYvS0kxbTNIWVVjNzFNbzQvTlpwQ0l1TgowV2M1SHNjdnV2amdzUUtDQVFFQXhQTmRnQUZyVzhtUXo1MnBkRUdQU2thZ0htWDBWbnIrem1HaGM1TURnWFkzCnpMY0lCVzdwR3RuOWhJb0FhSkg0WXhoSGJKU2xiQnpoWmxNRlhPS0FrZW9pNTJ3RllaN0JnOXBWKzNLTWVOdVgKQW1ZNXRJQ2l4QWh2elBDU1Y0WDNrUUw1ZXlLVGt6em9vMGx4Smc5MnZpS1ZaUU5VeDBqUURKRkU2R09TY2pmVgpxRGs0ZG8yazl1Wmg1emdLbnhJeFYwUUxpdmg5aFR0TUt1UVpiWnhYQXdzeThaSnhkcmpocjk3MzgySlhwTERGCkEvRTNHU2JhYUJaS1B3RlNOMHY0WU1WUnFHcWhscVVPaWtaQklZTUFkNW92eSs4ZlVGU3J1UGNkc2hDa2pQOFYKVEtudkFiSlZMdkdvNHNEWkJKeXo0UHBMalgyRis1SmdpVnZqRzhLZUpRS0NBUUJvcUtGNWQ0ZVdRbWYwS3RUdQpYOS9MVW0wZWllZzRvYXR5dFo0d0hEaXFtNk5oNk5Oek05dFNJK2x5OGoyNHEzNG1WRi9uNS9ZQmlpdUpZNTdNCkpUc3QzYzR3RXFCVTVhV0lBd0xLdmhnU2JlM0ZGMlB5VElLVE9jNy9HdDB4bTdrR21DUEg4ZTNyczQyQWl4YVMKTjVFUVN2b0tIVDBrUlB5UnRIM3Mxc29jTnNkNmMvby9mdGJPalFQcXA5dEZoaFBDRmpXbnFXekg0ODA1SzhPUwpRUTAzRmhySzlmQnorbDh0WG9WUjdlNXh2TlJaR0FaUlV5NzVoelhtMWF4RnJDbmVQSDhFQ2xSMVRDNEdTcUwyCmlnTDZpSmpHdlgyR0x4MjZnNFcvMlJ5dkV6aWtpN1p4WDdNaDB5Vnpub1V2RUhJTXJXdGpXYmh6V3VCUEV2R1cKRGZLeEFvSUJBQ1lETnJPakVuNkh1OXhtZUxOSWlBaDA4eWlLMHdyeCtFWUxEK2RIbzdDVUNaY0lhSkxyNGkvZApqUkhNdE9GNTh1L2xXcnU1UU9oSjlyTVNLUUhSY2JFMytINmtHYkhLdTF6Z2dpSGk3UHZTbmlYSFp6SFFkaG5SCjZ3b3FFSVMyQlo5R2JMSjRiUFZKRnptVXpqTGpYeTY1YkE0d0EyZm5STWg0TFUyUkVrM2JPdkNhQXF6WEQ5VGIKaUYvaE1DT2Rsa3BhaHNQT3pDTXYyN2FYaWRUZkRPZzRmQitsL1NKRjhzRklEcUU2Qk9KemY4TVFCbXRqVlZvcgpteTduNlY5azJVNk1Kd09UZVJhalN0Z2pVU1RQclFKb2p2c1VidjNKS2Mrc1dsM28ybW1nUGhNcTVVZDFqUDFmCmhSSW0ySHdNWnFkd2g2NktZSmE2bk1sR0krSlN3TVVDZ2dFQWZIeGZ0LzJqMWZVaHpXaU9UeGY3Q2NwYStwWGIKZW5zRVVoclJuUUh4MGFYQlJEZ1lsOFhNRnp5Zm5NV2xEWTZpc3ppbklTdkY4ajhNT05uV3dlUlF6aTlTN3p2ZApQTDlZZVAxSkhFakZiUzVsOEl1a0owVDB2d2dhcUlIUzA0bWc3RjZnOWRGdUdTc04ySnplK2RFa1diYjRTS2hpCnd2NWg4TWovTXJLcm9xRFRzbTZaSjdDK2hhLzV3QWRuWC9yT0hrTXVDdWgzRnI1QnAvL3dCTzJ5V2ZPYVJ5TVEKbXpwVTdlRFkxWDdWSnRKZ1VzUGJrV3dOR3prZGNJMEw3MHFMajQ1MUxrdkgwdjZZeTdRcVJvU0l6ZDdxK0hwQgpxdkZJbzdSa1AyaUNacG5Fc1hyQWo3SGJvRTV0RWx1QTZCT29LTnZlb0N2SElUOHF4RFpwWElnNHN3PT0KLS0tLS1FTkQgUlNBIFBSSVZBVEUgS0VZLS0tLS0=",
        "Store": "default"
      }
    ]
  }
}